[120.72.91.53/themeforest/event_planning/index.html]
[backblue.gif]
[fade.gif]
[index.html]
[120.72.91.53/themeforest/event_planning/images/Favicon.ico]
[120.72.91.53/themeforest/event_planning/css/bootstrap.css]
[120.72.91.53/themeforest/event_planning/css/owl.carousel.css]
[120.72.91.53/themeforest/event_planning/css/styles.css]
[120.72.91.53/themeforest/event_planning/css/datepicker.css]
[120.72.91.53/themeforest/event_planning/css/docs.css]
[120.72.91.53/themeforest/event_planning/register.html]
[120.72.91.53/themeforest/event_planning/images/logo.png]
[120.72.91.53/themeforest/event_planning/aboutUs.html]
[120.72.91.53/themeforest/event_planning/search-result.html]
[120.72.91.53/themeforest/event_planning/search_detail.html]
[120.72.91.53/themeforest/event_planning/blog.html]
[120.72.91.53/themeforest/event_planning/blog_details.html]
[120.72.91.53/themeforest/event_planning/news-details.html]
[120.72.91.53/themeforest/event_planning/booking_step1.html]
[120.72.91.53/themeforest/event_planning/booking_step2.html]
[120.72.91.53/themeforest/event_planning/booking_step3.html]
[120.72.91.53/themeforest/event_planning/career.html]
[120.72.91.53/themeforest/event_planning/mapView.html]
[120.72.91.53/themeforest/event_planning/privacy_policy.html]
[120.72.91.53/themeforest/event_planning/account_profile.html]
[120.72.91.53/themeforest/event_planning/account_booking.html]
[120.72.91.53/themeforest/event_planning/account_password.html]
[120.72.91.53/themeforest/event_planning/team.html]
[120.72.91.53/themeforest/event_planning/wishlist.html]
[120.72.91.53/themeforest/event_planning/faq.html]
[120.72.91.53/themeforest/event_planning/contact.html]
[120.72.91.53/themeforest/event_planning/images/close-icon.png]
[120.72.91.53/themeforest/event_planning/images/login-leftImg.png]
[120.72.91.53/themeforest/event_planning/images/capcha-img.png]
[120.72.91.53/themeforest/event_planning/images/banner-img/slider-img.jpg]
[120.72.91.53/themeforest/event_planning/images/banner-img/slider-img2.jpg]
[120.72.91.53/themeforest/event_planning/images/banner-img/slider-img3.jpg]
[120.72.91.53/themeforest/event_planning/images/event-img/event-img1.jpg]
[120.72.91.53/themeforest/event_planning/images/event-img/event-img2.jpg]
[120.72.91.53/themeforest/event_planning/images/event-img/event-img3.jpg]
[120.72.91.53/themeforest/event_planning/images/heading-blackBgimg.png]
[120.72.91.53/themeforest/event_planning/images/user-img/friend-img.png]
[120.72.91.53/themeforest/event_planning/images/img-fream.png]
[120.72.91.53/themeforest/event_planning/images/starting-point.png]
[120.72.91.53/themeforest/event_planning/images/ending-point.png]
[120.72.91.53/themeforest/event_planning/images/user-img/story-img1.png]
[120.72.91.53/themeforest/event_planning/images/user-img/story-img2.png]
[120.72.91.53/themeforest/event_planning/images/news-img/news-img1.png]
[120.72.91.53/themeforest/event_planning/images/news-img/news-img2.png]
[120.72.91.53/themeforest/event_planning/images/sponsor-logo/sponsor-logo2.png]
[120.72.91.53/themeforest/event_planning/images/sponsor-logo/sponsor-logo3.png]
[120.72.91.53/themeforest/event_planning/images/sponsor-logo/sponsor-logo4.png]
[120.72.91.53/themeforest/event_planning/images/event-img/update-img1.png]
[120.72.91.53/themeforest/event_planning/images/event-img/update-img2.png]
[120.72.91.53/themeforest/event_planning/images/event-img/update-img3.png]
[120.72.91.53/themeforest/event_planning/js/jquery-1.12.4.min.js]
[120.72.91.53/themeforest/event_planning/js/bootstrap.js]
[120.72.91.53/themeforest/event_planning/js/owl.carousel.js]
[120.72.91.53/themeforest/event_planning/js/jquery.selectbox-0.2.js]
[120.72.91.53/themeforest/event_planning/js/jquery.form-validator.min.js]
[120.72.91.53/themeforest/event_planning/js/bootstrap-datepicker.js]
[120.72.91.53/themeforest/event_planning/js/placeholder.js]
[120.72.91.53/themeforest/event_planning/js/coustem.js]
[120.72.91.53/themeforest/event_planning/index.html]
[120.72.91.53/themeforest/event_planning/css/bootstrap.css]
[120.72.91.53/themeforest/event_planning/css/owl.carousel.css]
[120.72.91.53/themeforest/event_planning/fonts/untitled-font-20.eot]
[120.72.91.53/themeforest/event_planning/fonts/untitled-font-20.woff]
[120.72.91.53/themeforest/event_planning/fonts/untitled-font-20d41d.eot]
[120.72.91.53/themeforest/event_planning/css/styles.css]
[120.72.91.53/themeforest/event_planning/css/datepicker.css]
[120.72.91.53/themeforest/event_planning/images/search-icon.png]
[120.72.91.53/themeforest/event_planning/images/parallax-img/friend-infoBg.jpg]
[120.72.91.53/themeforest/event_planning/images/footer-arrow.png]
[120.72.91.53/themeforest/event_planning/images/footer-arrowHover.png]
[120.72.91.53/themeforest/event_planning/images/chack-img.png]
[120.72.91.53/themeforest/event_planning/images/sign-upPoint-icon.png]
[120.72.91.53/themeforest/event_planning/images/star-img.png]
[120.72.91.53/themeforest/event_planning/images/star-img2.png]
[120.72.91.53/themeforest/event_planning/images/chack-img2.png]
[120.72.91.53/themeforest/event_planning/images/pageHeadBg.jpg]
[120.72.91.53/themeforest/event_planning/images/parallax-img/eventBg.jpg]
[120.72.91.53/themeforest/event_planning/images/vag-icon.png]
[120.72.91.53/themeforest/event_planning/images/nonVag-icon.png]
[120.72.91.53/themeforest/event_planning/images/radio-img.png]
[120.72.91.53/themeforest/event_planning/images/search-icon2.jpg]
[120.72.91.53/themeforest/event_planning/images/wirte-icon.png]
[120.72.91.53/themeforest/event_planning/images/payment-radioOff.png]
[120.72.91.53/themeforest/event_planning/images/payment-radioOn.png]
[120.72.91.53/themeforest/event_planning/images/select-boxBg2.png]
[120.72.91.53/themeforest/event_planning/images/select-boxArrow2.png]
[120.72.91.53/themeforest/event_planning/images/submit-bg.png]
[120.72.91.53/themeforest/event_planning/images/bootom-shadow.png]
[120.72.91.53/themeforest/event_planning/images/banner-img/registration-banneBg.png]
[120.72.91.53/themeforest/event_planning/images/select-boxBg3.png]
[120.72.91.53/themeforest/event_planning/images/select-boxArrow3.png]
[120.72.91.53/themeforest/event_planning/images/price-listingPoint.png]
[120.72.91.53/themeforest/event_planning/css/docs.css]
[120.72.91.53/themeforest/event_planning/css/jquery.selectbox.css]
[120.72.91.53/themeforest/event_planning/register.html]
[120.72.91.53/themeforest/event_planning/images/about-us/aboutUs.jpg]
[120.72.91.53/themeforest/event_planning/images/about-us/img1.jpg]
[120.72.91.53/themeforest/event_planning/images/about-us/img2.jpg]
[120.72.91.53/themeforest/event_planning/images/about-us/img3.jpg]
[120.72.91.53/themeforest/event_planning/images/about-us/img4.jpg]
[120.72.91.53/themeforest/event_planning/images/about-us/img5.jpg]
[120.72.91.53/themeforest/event_planning/images/about-us/img6.jpg]
[120.72.91.53/themeforest/event_planning/images/about-us/img7.jpg]
[120.72.91.53/themeforest/event_planning/aboutUs.html]
[120.72.91.53/themeforest/event_planning/images/property-img/venues-img8.jpg]
[120.72.91.53/themeforest/event_planning/images/property-img/venues-img.jpg]
[120.72.91.53/themeforest/event_planning/images/property-img/venues-img2.jpg]
[120.72.91.53/themeforest/event_planning/images/property-img/venues-img3.jpg]
[120.72.91.53/themeforest/event_planning/images/property-img/venues-img4.jpg]
[120.72.91.53/themeforest/event_planning/search-result.html]
[120.72.91.53/themeforest/event_planning/css/lightbox.css]
[120.72.91.53/themeforest/event_planning/images/banner-img/search-resultBanner.png]
[120.72.91.53/themeforest/event_planning/images/map-img1.png]
[120.72.91.53/themeforest/event_planning/images/gallery-img/gallery1.jpg]
[120.72.91.53/themeforest/event_planning/images/gallery-img/gallery2.jpg]
[120.72.91.53/themeforest/event_planning/images/gallery-img/gallery3.jpg]
[120.72.91.53/themeforest/event_planning/images/gallery-img/gallery4.jpg]
[120.72.91.53/themeforest/event_planning/images/gallery-img/gallery5.jpg]
[120.72.91.53/themeforest/event_planning/images/gallery-img/gallery6.jpg]
[120.72.91.53/themeforest/event_planning/images/select-arrow.png]
[120.72.91.53/themeforest/event_planning/js/scroll.js]
[120.72.91.53/themeforest/event_planning/search_detail.html]
[120.72.91.53/themeforest/event_planning/js/lightbox-plus-jquery.js]
[120.72.91.53/themeforest/event_planning/images/banner-img/blog-bannerImg.jpg]
[120.72.91.53/themeforest/event_planning/images/blog-img/blog-img1.jpg]
[120.72.91.53/themeforest/event_planning/images/blog-img/blog-img2.jpg]
[120.72.91.53/themeforest/event_planning/images/blog-img/blog-img3.jpg]
[120.72.91.53/themeforest/event_planning/images/blog-img/post-img.jpg]
[120.72.91.53/themeforest/event_planning/images/blog-img/post-img2.jpg]
[120.72.91.53/themeforest/event_planning/images/blog-img/post-img3.jpg]
[120.72.91.53/themeforest/event_planning/images/blog-img/flicker-img1.jpg]
[120.72.91.53/themeforest/event_planning/images/blog-img/flicker-img2.jpg]
[120.72.91.53/themeforest/event_planning/images/blog-img/flicker-img3.jpg]
[120.72.91.53/themeforest/event_planning/images/blog-img/flicker-img4.jpg]
[120.72.91.53/themeforest/event_planning/images/blog-img/flicker-img5.jpg]
[120.72.91.53/themeforest/event_planning/images/blog-img/flicker-img6.jpg]
[120.72.91.53/themeforest/event_planning/images/blog-img/flicker-img7.jpg]
[120.72.91.53/themeforest/event_planning/images/blog-img/flicker-img8.jpg]
[120.72.91.53/themeforest/event_planning/images/blog-img/flicker-img9.jpg]
[120.72.91.53/themeforest/event_planning/blog.html]
[120.72.91.53/themeforest/event_planning/images/user-img.jpg]
[120.72.91.53/themeforest/event_planning/images/blog-img/blog-img4.jpg]
[120.72.91.53/themeforest/event_planning/images/blog-img/blog-img5.jpg]
[120.72.91.53/themeforest/event_planning/images/blog-img/blog-img6.jpg]
[120.72.91.53/themeforest/event_planning/images/blog-img/blog-img7.jpg]
[120.72.91.53/themeforest/event_planning/blog_details.html]
[120.72.91.53/themeforest/event_planning/images/news-img/news-detailsImg1.png]
[120.72.91.53/themeforest/event_planning/news-details.html]
[120.72.91.53/themeforest/event_planning/booking_step1.html]
[120.72.91.53/themeforest/event_planning/images/visaCard-img.png]
[120.72.91.53/themeforest/event_planning/images/card-logo2.png]
[120.72.91.53/themeforest/event_planning/images/card-logo3.png]
[120.72.91.53/themeforest/event_planning/images/card-logo4.png]
[120.72.91.53/themeforest/event_planning/images/card-logo5.png]
[120.72.91.53/themeforest/event_planning/images/card-logo6.png]
[120.72.91.53/themeforest/event_planning/booking_step2.html]
[120.72.91.53/themeforest/event_planning/booking_step3.html]
[120.72.91.53/themeforest/event_planning/images/banner-img/careerBanner.jpg]
[120.72.91.53/themeforest/event_planning/images/career-img/career-img1.jpg]
[120.72.91.53/themeforest/event_planning/images/career-img/career-img2.jpg]
[120.72.91.53/themeforest/event_planning/images/career-img/career-img3.jpg]
[120.72.91.53/themeforest/event_planning/images/career-img/career-img4.jpg]
[120.72.91.53/themeforest/event_planning/js/jquery.slimscroll.js]
[120.72.91.53/themeforest/event_planning/career.html]
[120.72.91.53/themeforest/event_planning/images/location.jpg]
[120.72.91.53/themeforest/event_planning/images/property-img/locationImg1.jpg]
[120.72.91.53/themeforest/event_planning/images/property-img/locationImg2.jpg]
[120.72.91.53/themeforest/event_planning/images/property-img/locationImg3.jpg]
[120.72.91.53/themeforest/event_planning/mapView.html]
[120.72.91.53/themeforest/event_planning/privacy_policy.html]
[120.72.91.53/themeforest/event_planning/account_profile.html]
[120.72.91.53/themeforest/event_planning/account_booking.html]
[120.72.91.53/themeforest/event_planning/account_password.html]
[120.72.91.53/themeforest/event_planning/images/team-memberImg/team-memberImg1.png]
[120.72.91.53/themeforest/event_planning/images/team-memberImg/team-memberImg2.png]
[120.72.91.53/themeforest/event_planning/images/team-memberImg/team-memberImg3.png]
[120.72.91.53/themeforest/event_planning/team.html]
[120.72.91.53/themeforest/event_planning/images/map-imgSmall.png]
[120.72.91.53/themeforest/event_planning/wishlist.html]
[120.72.91.53/themeforest/event_planning/faq.html]
[120.72.91.53/themeforest/event_planning/js/map-styleMain.js]
[120.72.91.53/themeforest/event_planning/contact.html]
[120.72.91.53/themeforest/event_planning/fonts/glyphicons-halflings-regular.html]
[120.72.91.53/themeforest/event_planning/fonts/glyphicons-halflings-regulard41d.html]
[120.72.91.53/themeforest/event_planning/fonts/glyphicons-halflings-regular-2.html]
[120.72.91.53/themeforest/event_planning/fonts/glyphicons-halflings-regular-3.html]
[120.72.91.53/themeforest/event_planning/fonts/glyphicons-halflings-regular-4.html]
[120.72.91.53/themeforest/event_planning/fonts/glyphicons-halflings-regular-5.html]
[120.72.91.53/themeforest/event_planning/css/owl.video.play.html]
[120.72.91.53/themeforest/event_planning/fonts/untitled-font-20.html]
[120.72.91.53/themeforest/event_planning/fonts/untitled-font-20.svg]
[120.72.91.53/themeforest/event_planning/images/sponsor-logo/sponsor-logo1.png]
[120.72.91.53/themeforest/event_planning/images/select-boxBg.png]
[120.72.91.53/themeforest/event_planning/images/select-boxArrow.png]
[120.72.91.53/themeforest/event_planning/css/jquery.selectbox.css]
[120.72.91.53/themeforest/event_planning/images/close.png]
[120.72.91.53/themeforest/event_planning/images/loading.gif]
[120.72.91.53/themeforest/event_planning/images/prev.png]
[120.72.91.53/themeforest/event_planning/images/next.png]
[120.72.91.53/themeforest/event_planning/css/lightbox.css]
